12:14:38 [INFO] Cyclization: 491 short units expanded into oligomers (span target 13, max_repeats=8)
12:14:38 [INFO] mu_e: 767/1467 pairs have both mobilities measured (regression target known); 120 have exactly one censored side (ranking only); 580 are censored on both sides (no ordering information). censored log floor = -6.48
12:14:38 [INFO] mu_h: 1023/1467 pairs have both mobilities measured (regression target known); 156 have exactly one censored side (ranking only); 288 are censored on both sides (no ordering information). censored log floor = -7.31
12:14:38 [INFO] Preprocessed dataset: 1467 valid pairs
12:14:42 [INFO] Split by 'pair': Train/Val/Test: 1173/147/147
12:14:42 [INFO] delta_scale (std of measured log10 differences): 1.090
12:14:42 [INFO] Leakage diagnostics: test_material_overlap=0.798, test_pair_overlap=0.014
12:14:42 [INFO] Model parameters: 340,902
12:14:43 [INFO] Ep    1 | tr=1.4739  va=1.4168 | mu_e acc=0.727 rho=0.039 n=77 | mu_h acc=0.672 rho=0.194 n=128
12:14:54 [INFO] Ep   10 | tr=1.1996  va=1.2696 | mu_e acc=0.636 rho=0.278 n=77 | mu_h acc=0.680 rho=0.315 n=128
12:15:05 [INFO] Ep   20 | tr=0.9918  va=1.1271 | mu_e acc=0.701 rho=0.405 n=77 | mu_h acc=0.711 rho=0.330 n=128
12:15:16 [INFO] Ep   30 | tr=0.8167  va=1.0637 | mu_e acc=0.792 rho=0.362 n=77 | mu_h acc=0.812 rho=0.399 n=128
12:15:28 [INFO] Ep   40 | tr=0.7119  va=1.0149 | mu_e acc=0.805 rho=0.448 n=77 | mu_h acc=0.797 rho=0.359 n=128
12:15:40 [INFO] Ep   50 | tr=0.6341  va=0.9859 | mu_e acc=0.792 rho=0.270 n=77 | mu_h acc=0.828 rho=0.412 n=128
12:15:52 [INFO] Ep   60 | tr=0.6023  va=0.9705 | mu_e acc=0.857 rho=0.395 n=77 | mu_h acc=0.797 rho=0.418 n=128
12:16:04 [INFO] Ep   70 | tr=0.5920  va=0.9759 | mu_e acc=0.844 rho=0.340 n=77 | mu_h acc=0.797 rho=0.395 n=128
12:16:19 [INFO] Ep   80 | tr=0.5684  va=0.9571 | mu_e acc=0.844 rho=0.320 n=77 | mu_h acc=0.805 rho=0.414 n=128
12:16:32 [INFO] Ep   90 | tr=0.5562  va=0.9667 | mu_e acc=0.831 rho=0.312 n=77 | mu_h acc=0.828 rho=0.403 n=128
12:16:44 [INFO] Ep  100 | tr=0.5472  va=0.9608 | mu_e acc=0.844 rho=0.325 n=77 | mu_h acc=0.836 rho=0.401 n=128
12:16:56 [INFO] Ep  110 | tr=0.5477  va=0.9684 | mu_e acc=0.831 rho=0.318 n=77 | mu_h acc=0.836 rho=0.403 n=128
12:17:00 [INFO] Early stopping at epoch 113 (best pair_acc=0.8452)
12:17:00 [INFO] 
========== Test Results ==========
12:17:00 [INFO]   mu_e_pair_acc            : 0.8081
12:17:00 [INFO]   mu_e_spearman            : 0.2996
12:17:00 [INFO]   mu_e_avg_prob            : 0.6791
12:17:00 [INFO]   mu_e_n_rank              : 99.0000
12:17:00 [INFO]   mu_e_n_reg               : 88.0000
12:17:00 [INFO]   mu_h_pair_acc            : 0.7928
12:17:00 [INFO]   mu_h_spearman            : 0.3789
12:17:00 [INFO]   mu_h_avg_prob            : 0.6742
12:17:00 [INFO]   mu_h_n_rank              : 111.0000
12:17:00 [INFO]   mu_h_n_reg               : 98.0000
12:17:00 [INFO]   mean_pair_acc            : 0.8004
12:17:00 [INFO] Checkpoint saved (safetensors) -> checkpoints\best_model.safetensors
12:17:00 [INFO] Checkpoint saved (safetensors) -> checkpoints\final_model.safetensors
12:17:00 [INFO] 
===== Final Test Metrics =====
12:17:00 [INFO]   mu_e_pair_acc                 : 0.8081
12:17:00 [INFO]   mu_e_spearman                 : 0.2996
12:17:00 [INFO]   mu_e_avg_prob                 : 0.6791
12:17:00 [INFO]   mu_e_n_rank                   : 99.0000
12:17:00 [INFO]   mu_e_n_reg                    : 88.0000
12:17:00 [INFO]   mu_h_pair_acc                 : 0.7928
12:17:00 [INFO]   mu_h_spearman                 : 0.3789
12:17:00 [INFO]   mu_h_avg_prob                 : 0.6742
12:17:00 [INFO]   mu_h_n_rank                   : 111.0000
12:17:00 [INFO]   mu_h_n_reg                    : 98.0000
12:17:00 [INFO]   mean_pair_acc                 : 0.8004
12:17:15 [INFO] Cyclization: 491 short units expanded into oligomers (span target 13, max_repeats=8)
12:17:15 [INFO] mu_e: 767/1467 pairs have both mobilities measured (regression target known); 120 have exactly one censored side (ranking only); 580 are censored on both sides (no ordering information). censored log floor = -6.48
12:17:15 [INFO] mu_h: 1023/1467 pairs have both mobilities measured (regression target known); 156 have exactly one censored side (ranking only); 288 are censored on both sides (no ordering information). censored log floor = -7.31
12:17:15 [INFO] Preprocessed dataset: 1467 valid pairs
12:17:15 [INFO] Full dataset size: 1467 pairs
12:17:19 [INFO] Model parameters: 340,902
12:17:19 [INFO] delta_scale: 1.090
12:17:19 [INFO] Starting fine-tuning for 20 epochs with lr=1e-05
12:17:21 [INFO] Ep    1 | loss=0.6054 | mu_e acc=0.976 rho=0.313 | mu_h acc=0.961 rho=0.435 | val acc_e=0.808 acc_h=0.793
12:17:23 [INFO] Ep    2 | loss=0.6041 | mu_e acc=0.977 rho=0.312 | mu_h acc=0.965 rho=0.432 | val acc_e=0.798 acc_h=0.784
12:17:24 [INFO] Ep    3 | loss=0.5986 | mu_e acc=0.978 rho=0.309 | mu_h acc=0.961 rho=0.436 | val acc_e=0.798 acc_h=0.775
12:17:25 [INFO] Ep    4 | loss=0.5974 | mu_e acc=0.972 rho=0.315 | mu_h acc=0.964 rho=0.432 | val acc_e=0.788 acc_h=0.784
12:17:26 [INFO] Ep    5 | loss=0.5991 | mu_e acc=0.977 rho=0.312 | mu_h acc=0.959 rho=0.436 | val acc_e=0.808 acc_h=0.775
12:17:28 [INFO] Ep    6 | loss=0.5988 | mu_e acc=0.977 rho=0.310 | mu_h acc=0.961 rho=0.434 | val acc_e=0.798 acc_h=0.784
12:17:29 [INFO] Ep    7 | loss=0.6046 | mu_e acc=0.976 rho=0.309 | mu_h acc=0.959 rho=0.433 | val acc_e=0.808 acc_h=0.784
12:17:30 [INFO] Ep    8 | loss=0.5967 | mu_e acc=0.974 rho=0.302 | mu_h acc=0.966 rho=0.431 | val acc_e=0.798 acc_h=0.784
12:17:32 [INFO] Ep    9 | loss=0.5923 | mu_e acc=0.978 rho=0.308 | mu_h acc=0.971 rho=0.433 | val acc_e=0.798 acc_h=0.775
12:17:33 [INFO] Ep   10 | loss=0.5983 | mu_e acc=0.977 rho=0.312 | mu_h acc=0.970 rho=0.437 | val acc_e=0.798 acc_h=0.775
12:17:34 [INFO] Ep   11 | loss=0.5936 | mu_e acc=0.980 rho=0.318 | mu_h acc=0.963 rho=0.437 | val acc_e=0.808 acc_h=0.775
12:17:34 [INFO] Fine-tuning early stop at epoch 11
12:17:34 [INFO] Checkpoint saved (safetensors) -> checkpoints\final_model.safetensors
12:17:34 [INFO] 
===== Final model saved to checkpoints\final_model.safetensors =====
12:17:44 [INFO] Cyclization: 3 short units expanded into oligomers (span target 13, max_repeats=8)
12:17:44 [INFO] Valid pairs: 2/2
12:17:44 [INFO] Predictions saved -> predictions.csv
12:17:44 [INFO]   Materials_1 Materials_2 preferred_mu_e  prob_mu_e preferred_mu_h  prob_mu_h
0     PTIIG-T  PTIIG-SeSe        PTIIG-T   0.913769        PTIIG-T   0.851523
1     PTIIG-T  PAIID-SeSe     PAIID-SeSe   0.743324        PTIIG-T   0.944060
13:59:57 [INFO] Cyclization: 491 short units expanded into oligomers (span target 13, max_repeats=8)
13:59:57 [INFO] mu_e: 767/1467 pairs have both mobilities measured (regression target known); 120 have exactly one censored side (ranking only); 580 are censored on both sides (no ordering information). censored log floor = -6.48
13:59:57 [INFO] mu_h: 1023/1467 pairs have both mobilities measured (regression target known); 156 have exactly one censored side (ranking only); 288 are censored on both sides (no ordering information). censored log floor = -7.31
13:59:57 [INFO] Preprocessed dataset: 1467 valid pairs
14:00:01 [INFO] Split by 'group': Train/Val/Test: 1169/149/149
14:00:01 [INFO] delta_scale (std of measured log10 differences): 1.118
14:00:01 [INFO] Leakage diagnostics: test_material_overlap=0.092, test_pair_overlap=0.04
14:00:01 [INFO] Model parameters: 340,902
14:00:02 [INFO] Ep    1 | tr=1.4765  va=1.3690 | mu_e acc=0.600 rho=-0.141 n=100 | mu_h acc=0.536 rho=-0.213 n=112
14:00:13 [INFO] Ep   10 | tr=1.2292  va=1.2864 | mu_e acc=0.620 rho=0.286 n=100 | mu_h acc=0.616 rho=0.057 n=112
14:00:24 [INFO] Ep   20 | tr=0.9535  va=1.4652 | mu_e acc=0.590 rho=0.312 n=100 | mu_h acc=0.580 rho=0.119 n=112
14:00:36 [INFO] Ep   30 | tr=0.7848  va=1.4545 | mu_e acc=0.660 rho=0.298 n=100 | mu_h acc=0.634 rho=0.361 n=112
14:00:48 [INFO] Ep   40 | tr=0.6596  va=1.6229 | mu_e acc=0.650 rho=0.369 n=100 | mu_h acc=0.670 rho=0.279 n=112
14:01:00 [INFO] Ep   50 | tr=0.6247  va=1.7201 | mu_e acc=0.640 rho=0.309 n=100 | mu_h acc=0.652 rho=0.210 n=112
14:01:12 [INFO] Ep   60 | tr=0.6081  va=1.5775 | mu_e acc=0.630 rho=0.307 n=100 | mu_h acc=0.723 rho=0.227 n=112
14:01:23 [INFO] Ep   70 | tr=0.5768  va=1.5281 | mu_e acc=0.600 rho=0.374 n=100 | mu_h acc=0.714 rho=0.297 n=112
14:01:35 [INFO] Ep   80 | tr=0.5595  va=1.5804 | mu_e acc=0.620 rho=0.330 n=100 | mu_h acc=0.732 rho=0.257 n=112
14:01:41 [INFO] Early stopping at epoch 85 (best pair_acc=0.7027)
14:01:41 [INFO] 
========== Test Results ==========
14:01:41 [INFO]   mu_e_pair_acc            : 0.8036
14:01:41 [INFO]   mu_e_spearman            : 0.4646
14:01:41 [INFO]   mu_e_avg_prob            : 0.6969
14:01:41 [INFO]   mu_e_n_rank              : 56.0000
14:01:41 [INFO]   mu_e_n_reg               : 46.0000
14:01:41 [INFO]   mu_h_pair_acc            : 0.5448
14:01:41 [INFO]   mu_h_spearman            : 0.4457
14:01:41 [INFO]   mu_h_avg_prob            : 0.5213
14:01:41 [INFO]   mu_h_n_rank              : 134.0000
14:01:41 [INFO]   mu_h_n_reg               : 126.0000
14:01:41 [INFO]   mean_pair_acc            : 0.6742
14:01:41 [INFO] Checkpoint saved (safetensors) -> checkpoints\best_model_group.safetensors
14:01:41 [INFO] Checkpoint saved (safetensors) -> checkpoints\final_model_group.safetensors
14:01:41 [INFO] 
===== Final Test Metrics =====
14:01:41 [INFO]   mu_e_pair_acc                 : 0.8036
14:01:41 [INFO]   mu_e_spearman                 : 0.4646
14:01:41 [INFO]   mu_e_avg_prob                 : 0.6969
14:01:41 [INFO]   mu_e_n_rank                   : 56.0000
14:01:41 [INFO]   mu_e_n_reg                    : 46.0000
14:01:41 [INFO]   mu_h_pair_acc                 : 0.5448
14:01:41 [INFO]   mu_h_spearman                 : 0.4457
14:01:41 [INFO]   mu_h_avg_prob                 : 0.5213
14:01:41 [INFO]   mu_h_n_rank                   : 134.0000
14:01:41 [INFO]   mu_h_n_reg                    : 126.0000
14:01:41 [INFO]   mean_pair_acc                 : 0.6742
